Jul 19, 2026 3:29:02 PM edu.seminolestate.cen4802.FibonacciApp main
INFO: Application started.
Jul 19, 2026 3:29:02 PM edu.seminolestate.cen4802.FibonacciApp main
INFO: Fibonacci calculation completed for term 10 with result 55.
Jul 19, 2026 3:29:02 PM edu.seminolestate.cen4802.FibonacciApp generateLogData
INFO: Beginning simulated application activity.
Jul 19, 2026 3:29:02 PM edu.seminolestate.cen4802.FibonacciApp generateLogData
INFO: Processing simulated transaction 1.
Jul 19, 2026 3:29:02 PM edu.seminolestate.cen4802.FibonacciApp generateLogData
INFO: Processing simulated transaction 2.
Jul 19, 2026 3:29:02 PM edu.seminolestate.cen4802.FibonacciApp generateLogData
INFO: Processing simulated transaction 3.
Jul 19, 2026 3:29:02 PM edu.seminolestate.cen4802.FibonacciApp generateLogData
INFO: Processing simulated transaction 4.
Jul 19, 2026 3:29:02 PM edu.seminolestate.cen4802.FibonacciApp generateLogData
INFO: Processing simulated transaction 5.
Jul 19, 2026 3:29:02 PM edu.seminolestate.cen4802.FibonacciApp generateLogData
INFO: Processing simulated transaction 6.
Jul 19, 2026 3:29:02 PM edu.seminolestate.cen4802.FibonacciApp generateLogData
INFO: Processing simulated transaction 7.
Jul 19, 2026 3:29:02 PM edu.seminolestate.cen4802.FibonacciApp generateLogData
INFO: Processing simulated transaction 8.
Jul 19, 2026 3:29:02 PM edu.seminolestate.cen4802.FibonacciApp generateLogData
INFO: Processing simulated transaction 9.
Jul 19, 2026 3:29:02 PM edu.seminolestate.cen4802.FibonacciApp generateLogData
INFO: Processing simulated transaction 10.
Jul 19, 2026 3:29:02 PM edu.seminolestate.cen4802.FibonacciApp generateLogData
INFO: Processing simulated transaction 11.
Jul 19, 2026 3:29:02 PM edu.seminolestate.cen4802.FibonacciApp generateLogData
INFO: Processing simulated transaction 12.
Jul 19, 2026 3:29:02 PM edu.seminolestate.cen4802.FibonacciApp generateLogData
INFO: Processing simulated transaction 13.
Jul 19, 2026 3:29:02 PM edu.seminolestate.cen4802.FibonacciApp generateLogData
INFO: Processing simulated transaction 14.
Jul 19, 2026 3:29:02 PM edu.seminolestate.cen4802.FibonacciApp generateLogData
INFO: Processing simulated transaction 15.
Jul 19, 2026 3:29:02 PM edu.seminolestate.cen4802.FibonacciApp generateLogData
INFO: Processing simulated transaction 16.
Jul 19, 2026 3:29:02 PM edu.seminolestate.cen4802.FibonacciApp generateLogData
INFO: Processing simulated transaction 17.
Jul 19, 2026 3:29:02 PM edu.seminolestate.cen4802.FibonacciApp generateLogData
INFO: Processing simulated transaction 18.
Jul 19, 2026 3:29:02 PM edu.seminolestate.cen4802.FibonacciApp generateLogData
INFO: Processing simulated transaction 19.
Jul 19, 2026 3:29:02 PM edu.seminolestate.cen4802.FibonacciApp generateLogData
INFO: Processing simulated transaction 20.
Jul 19, 2026 3:29:02 PM edu.seminolestate.cen4802.FibonacciApp generateLogData
INFO: Processing simulated transaction 21.
Jul 19, 2026 3:29:02 PM edu.seminolestate.cen4802.FibonacciApp generateLogData
INFO: Processing simulated transaction 22.
Jul 19, 2026 3:29:02 PM edu.seminolestate.cen4802.FibonacciApp generateLogData
INFO: Processing simulated transaction 23.
Jul 19, 2026 3:29:02 PM edu.seminolestate.cen4802.FibonacciApp generateLogData
INFO: Processing simulated transaction 24.
Jul 19, 2026 3:29:02 PM edu.seminolestate.cen4802.FibonacciApp generateLogData
INFO: Processing simulated transaction 25.
Jul 19, 2026 3:29:02 PM edu.seminolestate.cen4802.FibonacciApp generateLogData
WARNING: Transaction checkpoint warning at transaction 25.
Jul 19, 2026 3:29:02 PM edu.seminolestate.cen4802.FibonacciApp generateLogData
INFO: Processing simulated transaction 26.
Jul 19, 2026 3:29:02 PM edu.seminolestate.cen4802.FibonacciApp generateLogData
INFO: Processing simulated transaction 27.
Jul 19, 2026 3:29:02 PM edu.seminolestate.cen4802.FibonacciApp generateLogData
INFO: Processing simulated transaction 28.
Jul 19, 2026 3:29:02 PM edu.seminolestate.cen4802.FibonacciApp generateLogData
INFO: Processing simulated transaction 29.
Jul 19, 2026 3:29:02 PM edu.seminolestate.cen4802.FibonacciApp generateLogData
INFO: Processing simulated transaction 30.
Jul 19, 2026 3:29:02 PM edu.seminolestate.cen4802.FibonacciApp generateLogData
INFO: Processing simulated transaction 31.
Jul 19, 2026 3:29:02 PM edu.seminolestate.cen4802.FibonacciApp generateLogData
INFO: Processing simulated transaction 32.
Jul 19, 2026 3:29:02 PM edu.seminolestate.cen4802.FibonacciApp generateLogData
INFO: Processing simulated transaction 33.
Jul 19, 2026 3:29:02 PM edu.seminolestate.cen4802.FibonacciApp generateLogData
INFO: Processing simulated transaction 34.
Jul 19, 2026 3:29:02 PM edu.seminolestate.cen4802.FibonacciApp generateLogData
INFO: Processing simulated transaction 35.
Jul 19, 2026 3:29:02 PM edu.seminolestate.cen4802.FibonacciApp generateLogData
INFO: Processing simulated transaction 36.
Jul 19, 2026 3:29:02 PM edu.seminolestate.cen4802.FibonacciApp generateLogData
INFO: Processing simulated transaction 37.
Jul 19, 2026 3:29:02 PM edu.seminolestate.cen4802.FibonacciApp generateLogData
INFO: Processing simulated transaction 38.
Jul 19, 2026 3:29:02 PM edu.seminolestate.cen4802.FibonacciApp generateLogData
INFO: Processing simulated transaction 39.
Jul 19, 2026 3:29:02 PM edu.seminolestate.cen4802.FibonacciApp generateLogData
INFO: Processing simulated transaction 40.
Jul 19, 2026 3:29:02 PM edu.seminolestate.cen4802.FibonacciApp generateLogData
INFO: Processing simulated transaction 41.
Jul 19, 2026 3:29:02 PM edu.seminolestate.cen4802.FibonacciApp generateLogData
INFO: Processing simulated transaction 42.
Jul 19, 2026 3:29:02 PM edu.seminolestate.cen4802.FibonacciApp generateLogData
INFO: Processing simulated transaction 43.
Jul 19, 2026 3:29:02 PM edu.seminolestate.cen4802.FibonacciApp generateLogData
INFO: Processing simulated transaction 44.
Jul 19, 2026 3:29:02 PM edu.seminolestate.cen4802.FibonacciApp generateLogData
INFO: Processing simulated transaction 45.
Jul 19, 2026 3:29:02 PM edu.seminolestate.cen4802.FibonacciApp generateLogData
INFO: Processing simulated transaction 46.
Jul 19, 2026 3:29:02 PM edu.seminolestate.cen4802.FibonacciApp generateLogData
INFO: Processing simulated transaction 47.
Jul 19, 2026 3:29:02 PM edu.seminolestate.cen4802.FibonacciApp generateLogData
INFO: Processing simulated transaction 48.
Jul 19, 2026 3:29:02 PM edu.seminolestate.cen4802.FibonacciApp generateLogData
INFO: Processing simulated transaction 49.
Jul 19, 2026 3:29:02 PM edu.seminolestate.cen4802.FibonacciApp generateLogData
INFO: Processing simulated transaction 50.
Jul 19, 2026 3:29:02 PM edu.seminolestate.cen4802.FibonacciApp generateLogData
WARNING: Transaction checkpoint warning at transaction 50.
Jul 19, 2026 3:29:02 PM edu.seminolestate.cen4802.FibonacciApp generateLogData
SEVERE: Simulated severe event at transaction 50.
Jul 19, 2026 3:29:02 PM edu.seminolestate.cen4802.FibonacciApp generateLogData
INFO: Processing simulated transaction 51.
Jul 19, 2026 3:29:02 PM edu.seminolestate.cen4802.FibonacciApp generateLogData
INFO: Processing simulated transaction 52.
Jul 19, 2026 3:29:02 PM edu.seminolestate.cen4802.FibonacciApp generateLogData
INFO: Processing simulated transaction 53.
Jul 19, 2026 3:29:02 PM edu.seminolestate.cen4802.FibonacciApp generateLogData
INFO: Processing simulated transaction 54.
Jul 19, 2026 3:29:02 PM edu.seminolestate.cen4802.FibonacciApp generateLogData
INFO: Processing simulated transaction 55.
Jul 19, 2026 3:29:02 PM edu.seminolestate.cen4802.FibonacciApp generateLogData
INFO: Processing simulated transaction 56.
Jul 19, 2026 3:29:02 PM edu.seminolestate.cen4802.FibonacciApp generateLogData
INFO: Processing simulated transaction 57.
Jul 19, 2026 3:29:02 PM edu.seminolestate.cen4802.FibonacciApp generateLogData
INFO: Processing simulated transaction 58.
Jul 19, 2026 3:29:02 PM edu.seminolestate.cen4802.FibonacciApp generateLogData
INFO: Processing simulated transaction 59.
Jul 19, 2026 3:29:02 PM edu.seminolestate.cen4802.FibonacciApp generateLogData
INFO: Processing simulated transaction 60.
Jul 19, 2026 3:29:02 PM edu.seminolestate.cen4802.FibonacciApp generateLogData
INFO: Processing simulated transaction 61.
Jul 19, 2026 3:29:02 PM edu.seminolestate.cen4802.FibonacciApp generateLogData
INFO: Processing simulated transaction 62.
Jul 19, 2026 3:29:02 PM edu.seminolestate.cen4802.FibonacciApp generateLogData
INFO: Processing simulated transaction 63.
Jul 19, 2026 3:29:02 PM edu.seminolestate.cen4802.FibonacciApp generateLogData
INFO: Processing simulated transaction 64.
Jul 19, 2026 3:29:02 PM edu.seminolestate.cen4802.FibonacciApp generateLogData
INFO: Processing simulated transaction 65.
Jul 19, 2026 3:29:02 PM edu.seminolestate.cen4802.FibonacciApp generateLogData
INFO: Processing simulated transaction 66.
Jul 19, 2026 3:29:02 PM edu.seminolestate.cen4802.FibonacciApp generateLogData
INFO: Processing simulated transaction 67.
Jul 19, 2026 3:29:02 PM edu.seminolestate.cen4802.FibonacciApp generateLogData
INFO: Processing simulated transaction 68.
Jul 19, 2026 3:29:02 PM edu.seminolestate.cen4802.FibonacciApp generateLogData
INFO: Processing simulated transaction 69.
Jul 19, 2026 3:29:02 PM edu.seminolestate.cen4802.FibonacciApp generateLogData
INFO: Processing simulated transaction 70.
Jul 19, 2026 3:29:02 PM edu.seminolestate.cen4802.FibonacciApp generateLogData
INFO: Processing simulated transaction 71.
Jul 19, 2026 3:29:02 PM edu.seminolestate.cen4802.FibonacciApp generateLogData
INFO: Processing simulated transaction 72.
Jul 19, 2026 3:29:02 PM edu.seminolestate.cen4802.FibonacciApp generateLogData
INFO: Processing simulated transaction 73.
Jul 19, 2026 3:29:02 PM edu.seminolestate.cen4802.FibonacciApp generateLogData
INFO: Processing simulated transaction 74.
Jul 19, 2026 3:29:02 PM edu.seminolestate.cen4802.FibonacciApp generateLogData
INFO: Processing simulated transaction 75.
Jul 19, 2026 3:29:02 PM edu.seminolestate.cen4802.FibonacciApp generateLogData
WARNING: Transaction checkpoint warning at transaction 75.
Jul 19, 2026 3:29:02 PM edu.seminolestate.cen4802.FibonacciApp generateLogData
INFO: Processing simulated transaction 76.
Jul 19, 2026 3:29:02 PM edu.seminolestate.cen4802.FibonacciApp generateLogData
INFO: Processing simulated transaction 77.
Jul 19, 2026 3:29:02 PM edu.seminolestate.cen4802.FibonacciApp generateLogData
INFO: Processing simulated transaction 78.
Jul 19, 2026 3:29:02 PM edu.seminolestate.cen4802.FibonacciApp generateLogData
INFO: Processing simulated transaction 79.
Jul 19, 2026 3:29:02 PM edu.seminolestate.cen4802.FibonacciApp generateLogData
INFO: Processing simulated transaction 80.
Jul 19, 2026 3:29:02 PM edu.seminolestate.cen4802.FibonacciApp generateLogData
INFO: Processing simulated transaction 81.
Jul 19, 2026 3:29:02 PM edu.seminolestate.cen4802.FibonacciApp generateLogData
INFO: Processing simulated transaction 82.
Jul 19, 2026 3:29:02 PM edu.seminolestate.cen4802.FibonacciApp generateLogData
INFO: Processing simulated transaction 83.
Jul 19, 2026 3:29:02 PM edu.seminolestate.cen4802.FibonacciApp generateLogData
INFO: Processing simulated transaction 84.
Jul 19, 2026 3:29:02 PM edu.seminolestate.cen4802.FibonacciApp generateLogData
INFO: Processing simulated transaction 85.
Jul 19, 2026 3:29:02 PM edu.seminolestate.cen4802.FibonacciApp generateLogData
INFO: Processing simulated transaction 86.
Jul 19, 2026 3:29:02 PM edu.seminolestate.cen4802.FibonacciApp generateLogData
INFO: Processing simulated transaction 87.
Jul 19, 2026 3:29:02 PM edu.seminolestate.cen4802.FibonacciApp generateLogData
INFO: Processing simulated transaction 88.
Jul 19, 2026 3:29:02 PM edu.seminolestate.cen4802.FibonacciApp generateLogData
INFO: Processing simulated transaction 89.
Jul 19, 2026 3:29:02 PM edu.seminolestate.cen4802.FibonacciApp generateLogData
INFO: Processing simulated transaction 90.
Jul 19, 2026 3:29:02 PM edu.seminolestate.cen4802.FibonacciApp generateLogData
INFO: Processing simulated transaction 91.
Jul 19, 2026 3:29:02 PM edu.seminolestate.cen4802.FibonacciApp generateLogData
INFO: Processing simulated transaction 92.
Jul 19, 2026 3:29:02 PM edu.seminolestate.cen4802.FibonacciApp generateLogData
INFO: Processing simulated transaction 93.
Jul 19, 2026 3:29:02 PM edu.seminolestate.cen4802.FibonacciApp generateLogData
INFO: Processing simulated transaction 94.
Jul 19, 2026 3:29:02 PM edu.seminolestate.cen4802.FibonacciApp generateLogData
INFO: Processing simulated transaction 95.
Jul 19, 2026 3:29:02 PM edu.seminolestate.cen4802.FibonacciApp generateLogData
INFO: Processing simulated transaction 96.
Jul 19, 2026 3:29:02 PM edu.seminolestate.cen4802.FibonacciApp generateLogData
INFO: Processing simulated transaction 97.
Jul 19, 2026 3:29:02 PM edu.seminolestate.cen4802.FibonacciApp generateLogData
INFO: Processing simulated transaction 98.
Jul 19, 2026 3:29:02 PM edu.seminolestate.cen4802.FibonacciApp generateLogData
INFO: Processing simulated transaction 99.
Jul 19, 2026 3:29:02 PM edu.seminolestate.cen4802.FibonacciApp generateLogData
INFO: Processing simulated transaction 100.
Jul 19, 2026 3:29:02 PM edu.seminolestate.cen4802.FibonacciApp generateLogData
WARNING: Transaction checkpoint warning at transaction 100.
Jul 19, 2026 3:29:02 PM edu.seminolestate.cen4802.FibonacciApp generateLogData
SEVERE: Simulated severe event at transaction 100.
Jul 19, 2026 3:29:02 PM edu.seminolestate.cen4802.FibonacciApp generateLogData
INFO: Processing simulated transaction 101.
Jul 19, 2026 3:29:02 PM edu.seminolestate.cen4802.FibonacciApp generateLogData
INFO: Processing simulated transaction 102.
Jul 19, 2026 3:29:02 PM edu.seminolestate.cen4802.FibonacciApp generateLogData
INFO: Processing simulated transaction 103.
Jul 19, 2026 3:29:02 PM edu.seminolestate.cen4802.FibonacciApp generateLogData
INFO: Processing simulated transaction 104.
Jul 19, 2026 3:29:02 PM edu.seminolestate.cen4802.FibonacciApp generateLogData
INFO: Processing simulated transaction 105.
Jul 19, 2026 3:29:02 PM edu.seminolestate.cen4802.FibonacciApp generateLogData
INFO: Processing simulated transaction 106.
Jul 19, 2026 3:29:02 PM edu.seminolestate.cen4802.FibonacciApp generateLogData
INFO: Processing simulated transaction 107.
Jul 19, 2026 3:29:02 PM edu.seminolestate.cen4802.FibonacciApp generateLogData
INFO: Processing simulated transaction 108.
Jul 19, 2026 3:29:02 PM edu.seminolestate.cen4802.FibonacciApp generateLogData
INFO: Processing simulated transaction 109.
Jul 19, 2026 3:29:02 PM edu.seminolestate.cen4802.FibonacciApp generateLogData
INFO: Processing simulated transaction 110.
Jul 19, 2026 3:29:02 PM edu.seminolestate.cen4802.FibonacciApp generateLogData
INFO: Processing simulated transaction 111.
Jul 19, 2026 3:29:02 PM edu.seminolestate.cen4802.FibonacciApp generateLogData
INFO: Processing simulated transaction 112.
Jul 19, 2026 3:29:02 PM edu.seminolestate.cen4802.FibonacciApp generateLogData
INFO: Processing simulated transaction 113.
Jul 19, 2026 3:29:02 PM edu.seminolestate.cen4802.FibonacciApp generateLogData
INFO: Processing simulated transaction 114.
Jul 19, 2026 3:29:02 PM edu.seminolestate.cen4802.FibonacciApp generateLogData
INFO: Processing simulated transaction 115.
Jul 19, 2026 3:29:02 PM edu.seminolestate.cen4802.FibonacciApp generateLogData
INFO: Processing simulated transaction 116.
Jul 19, 2026 3:29:02 PM edu.seminolestate.cen4802.FibonacciApp generateLogData
INFO: Processing simulated transaction 117.
Jul 19, 2026 3:29:02 PM edu.seminolestate.cen4802.FibonacciApp generateLogData
INFO: Processing simulated transaction 118.
Jul 19, 2026 3:29:02 PM edu.seminolestate.cen4802.FibonacciApp generateLogData
INFO: Processing simulated transaction 119.
Jul 19, 2026 3:29:02 PM edu.seminolestate.cen4802.FibonacciApp generateLogData
INFO: Processing simulated transaction 120.
Jul 19, 2026 3:29:02 PM edu.seminolestate.cen4802.FibonacciApp generateLogData
INFO: Completed simulated application activity.
Jul 19, 2026 3:29:02 PM edu.seminolestate.cen4802.FibonacciApp runProfilingWorkload
INFO: Profiling workload started.
Jul 19, 2026 3:29:07 PM edu.seminolestate.cen4802.FibonacciApp runProfilingWorkload
INFO: Profiling workload completed iteration 100.
Jul 19, 2026 3:29:13 PM edu.seminolestate.cen4802.FibonacciApp runProfilingWorkload
INFO: Profiling workload completed iteration 200.
Jul 19, 2026 3:29:18 PM edu.seminolestate.cen4802.FibonacciApp runProfilingWorkload
INFO: Profiling workload completed iteration 300.
Jul 19, 2026 3:29:24 PM edu.seminolestate.cen4802.FibonacciApp runProfilingWorkload
INFO: Profiling workload completed iteration 400.
Jul 19, 2026 3:29:29 PM edu.seminolestate.cen4802.FibonacciApp runProfilingWorkload
INFO: Profiling workload completed iteration 500.
Jul 19, 2026 3:29:34 PM edu.seminolestate.cen4802.FibonacciApp runProfilingWorkload
INFO: Profiling workload completed iteration 600.
Jul 19, 2026 3:34:43 PM edu.seminolestate.cen4802.FibonacciApp runProfilingWorkload
INFO: Profiling workload finished after 670 iterations. Accumulated result: 6182401550. Retained memory blocks: 26.
Jul 19, 2026 3:34:43 PM edu.seminolestate.cen4802.FibonacciApp main
INFO: Application finished.
